Router(config-if)#access-list 101 deny icmp any any host-unreachable  -> bloqueamos icmp
Router(config)#access-list 101 permit tcp any any eq www  ->   permitipmos tcp
Router(config)#int f0
Router(config)#interface FastEthernet1/0
Router(config-if)#ip access-group 101 in    damos acceso, permite que trafico de lared interna al dar
Router(config-if)#exit
Router(config)#access-list 101 permit tcp any any eq www





p2 por mac

conf en switch para seguridad por MAC






Switch#
Switch#enable
Switch#conf term
Enter configuration commands, one per line.  End with CNTL/Z.
Switch(config)#int f0/1
Switch(config-if)#switchport port-security
Command rejected: FastEthernet0/1 is a dynamic port.
Switch(config-if)#switchport mode access
Switch(config-if)#switchport port-security
Switch(config-if)#switchport port-security mac-address
% Incomplete command.
-> para ver la mac en las pc ir a terminal luego : ifconfig /all
Switch(config-if)#switchport port-security mac-address 0090.2B98.A8BC
Switch(config-if)#exit
Switch(config)#exit
Switch#show port-security 
Secure Port MaxSecureAddr CurrentAddr SecurityViolation Security Action
               (Count)       (Count)        (Count)
--------------------------------------------------------------------
        Fa0/1        1          1                 0         Shutdown
----------------------------------------------------------------------

Switch#show port-security int f0/1
Port Security              : Enabled
Port Status                : Secure-up
Violation Mode             : Shutdown
Aging Time                 : 0 mins
Aging Type                 : Absolute
SecureStatic Address Aging : Disabled
Maximum MAC Addresses      : 1
Total MAC Addresses        : 1
Configured MAC Addresses   : 1
Sticky MAC Addresses       : 0
Last Source Address:Vlan   : 0000.0000.0000:0
Security Violation Count   : 0




si CAmbias de Puerto no funciona pues esta asociado un puerto con la respetciva mac de cada uno

Switch>enable
Switch#conf term
Enter configuration commands, one per line.  End with CNTL/Z.
Switch(config)#int f0/1
Switch(config)#int f0/1
Switch(config-if)#no shutdow
Switch(config-if)#no shutdown 
Switch(config-if)#exit
Switch(config)#exit
Switch# sh run


Switch#erase startup-config
Erasing the nvram filesystem will remove all configuration files! Continue? [confirm]
[OK]
Erase of nvram: complete
%SYS-7-NV_BLOCK_INIT: Initialized the geometry of nvram
Switch#delete flash:vlan.dat
Delete filename [vlan.dat]?
Delete flash:/vlan.dat? [confirm]
%Error deleting flash:/vlan.dat (No such file or directory)

Switch#reload
Proceed with reload? [confirm]




